##fileformat=VCFv4.2
##FILTER=<ID=PASS,Description="All filters passed">
#CHROM	POS	ID	REF	ALT	QUAL	FILTER	INFO
